Main_Handle_Command_DoneSpace 0x011e
CmdDir 0x01f0
WriteString_Loop 0x0800
CmdUpload_Execute 0x02cc
CmdUploadMsg_Abort 0x0342
strlen_loop 0x071c
Main_HandleCommand_Loop 0x00fe
CmdDirStr 0x0148
Main_ContinueAfterCmd 0x00a2
BiosEnd 0x15a4
CursorPointerY 0x0aa2
CursorPointerX 0x0aa0
WriteLogo_BitSet 0x07dc
WriteCharForeColor 0x0982
UpdateVideo 0x074c
CmdHelpLines 0x0450
CmdTypeStr 0x014c
UpdateVideo_EmptyLine 0x078e
rstrip 0x06c6
WriteLogoLoopX 0x07c2
WriteLogoLoopY 0x07b8
rstrip_loop 0x06da
GetCursorPos 0x091c
CursorOn 0x0aa4
CmdDynaMsgDone 0x03d2
BlankVideo_Bank1 0x0908
BlankVideo_Bank2 0x0912
CmdHelp 0x01de
CmdDynaStr 0x0170
CmdUploadMsgDone 0x0352
CmdExitStr 0x0158
FileListKey 0x041a
memcpy 0x06ea
AdvanceBuffer_BlankLoop 0x08e4
CmdUpload_Timeout 0x02e8
BootPassword 0x0a6e
BlinkCursor_TurnOn 0x09ea
rstrip_done 0x06e8
CmdHelpStr 0x0152
strcmp 0x072c
RefreshScreen 0x0798
FileListApp 0x041e
memset_done 0x0714
memset 0x0702
strcmp_loop 0x0732
CmdUpload_Abort 0x02f0
WriteString 0x07ea
WriteLogo_BitDone 0x07de
WritePixel 0x0994
FileList 0x040c
Main_HandleCommand_Normal 0x00c8
memcpy_loop 0x06f2
ScreenBufferPtr 0x0aa6
MainLoop2 0x006a
CmdDownload_Loop 0x0222
ContinueBoot 0x0040
CmdUploadStr 0x0168
Main_HandleCommand_SpaceCheck 0x0110
WriteCharYLoop 0x0964
MainLoop 0x005a
BlinkCursor_Done 0x09ee
WritePixelBank2 0x09c0
CmdDyna 0x037c
CmdTypeFilesUnknown 0x0430
UpdateVideoDone 0x0796
CmdUploadMsgExecuteDone 0x0362
strcmp_nomatch 0x0746
UpdateVideo_EndOfLine 0x0788
CmdAdvanceBuffer 0x03f8
CmdPrintData 0x03f0
CmdDynaMsg 0x0396
TempChar 0x0aa8
BlankVideo 0x08fc
WriteCharPixel 0x0984
CmdBuffer 0x0a80
WriteString_Done 0x088a
CmdUpload_Loop 0x02a0
Characters 0x12ac
BlinkCursor 0x09cc
AdvanceBuffer_Loop 0x08d6
CmdUploadMsg 0x02f8
CmdDownloadMsg_NewLine 0x0276
ScreenBuffer 0x0aaa
Main_Handle_CmdUnknown 0x0140
WriteString_AdvanceLine 0x0864
WriteChar 0x0940
CmdDownloadMsg 0x0268
CmdUploadMsg_Timeout 0x032a
CmdExit 0x01ee
BootStringStarting 0x0a60
UpdateVideoLoopX 0x0770
UpdateVideoLoopY 0x076c
CmdDownload 0x020c
WriteCharDone 0x0992
KeyFileData 0x069e
Main_HandleCommand 0x00aa
Prompt 0x0a7a
ScreenBufferUpdatePos 0x127a
WriteCharXLoop 0x096c
CmdDownloadStr 0x015e
AdvanceBuffer 0x08a2
strlen 0x0716
CmdTypeUnknownFile 0x01d4
Main_CharTyped 0x008e
strcmp_done 0x0748
Cmds 0x0176
FileListBios 0x0426
CmdUpload 0x0278
BootLogo 0x127c
ScreenBufferEnd 0x127a
memcpy_done 0x0700
WriteString_HandleBackspace 0x083a
SetCursorPos 0x092e
CmdDirLines 0x055c
CmdType 0x0194
Main_FinishCmd 0x0132
WritePixelDone 0x09ca
BootString 0x09fc
AdvanceBuffer_Done 0x08f6
WriteLogo 0x07a0
CmdUnknownLines 0x043e
memset_loop 0x070a
CmdUnknown 0x01fe
CmdType_Loop 0x01a8
